Archive member included to satisfy reference by file (symbol)

d:/项目资料/cf-e9s/资料/mounriver_studio/toolchain/risc-v embedded gcc/bin/../lib/gcc/riscv-none-embed/8.2.0/rv32imacxw/ilp32\libgcc.a(save-restore.o)
                              ./User/main.o (__riscv_save_8)
d:/项目资料/cf-e9s/资料/mounriver_studio/toolchain/risc-v embedded gcc/bin/../lib/gcc/riscv-none-embed/8.2.0/../../../../riscv-none-embed/lib/rv32imacxw/ilp32\libg_nano.a(lib_a-memcpy.o)
                              ./User/key.o (memcpy)
d:/项目资料/cf-e9s/资料/mounriver_studio/toolchain/risc-v embedded gcc/bin/../lib/gcc/riscv-none-embed/8.2.0/../../../../riscv-none-embed/lib/rv32imacxw/ilp32\libg_nano.a(lib_a-memset.o)
                              ./User/hw_borad.o (memset)
d:/项目资料/cf-e9s/资料/mounriver_studio/toolchain/risc-v embedded gcc/bin/../lib/gcc/riscv-none-embed/8.2.0/../../../../riscv-none-embed/lib/rv32imacxw/ilp32\libg_nano.a(lib_a-printf.o)
                              ./User/main.o (printf)
d:/项目资料/cf-e9s/资料/mounriver_studio/toolchain/risc-v embedded gcc/bin/../lib/gcc/riscv-none-embed/8.2.0/../../../../riscv-none-embed/lib/rv32imacxw/ilp32\libg_nano.a(lib_a-puts.o)
                              ./User/hw_borad.o (puts)
d:/项目资料/cf-e9s/资料/mounriver_studio/toolchain/risc-v embedded gcc/bin/../lib/gcc/riscv-none-embed/8.2.0/../../../../riscv-none-embed/lib/rv32imacxw/ilp32\libg_nano.a(lib_a-wbuf.o)
                              d:/项目资料/cf-e9s/资料/mounriver_studio/toolchain/risc-v embedded gcc/bin/../lib/gcc/riscv-none-embed/8.2.0/../../../../riscv-none-embed/lib/rv32imacxw/ilp32\libg_nano.a(lib_a-puts.o) (__swbuf_r)
d:/项目资料/cf-e9s/资料/mounriver_studio/toolchain/risc-v embedded gcc/bin/../lib/gcc/riscv-none-embed/8.2.0/../../../../riscv-none-embed/lib/rv32imacxw/ilp32\libg_nano.a(lib_a-wsetup.o)
                              d:/项目资料/cf-e9s/资料/mounriver_studio/toolchain/risc-v embedded gcc/bin/../lib/gcc/riscv-none-embed/8.2.0/../../../../riscv-none-embed/lib/rv32imacxw/ilp32\libg_nano.a(lib_a-puts.o) (__swsetup_r)
d:/项目资料/cf-e9s/资料/mounriver_studio/toolchain/risc-v embedded gcc/bin/../lib/gcc/riscv-none-embed/8.2.0/../../../../riscv-none-embed/lib/rv32imacxw/ilp32\libg_nano.a(lib_a-fflush.o)
                              d:/项目资料/cf-e9s/资料/mounriver_studio/toolchain/risc-v embedded gcc/bin/../lib/gcc/riscv-none-embed/8.2.0/../../../../riscv-none-embed/lib/rv32imacxw/ilp32\libg_nano.a(lib_a-wbuf.o) (_fflush_r)
d:/项目资料/cf-e9s/资料/mounriver_studio/toolchain/risc-v embedded gcc/bin/../lib/gcc/riscv-none-embed/8.2.0/../../../../riscv-none-embed/lib/rv32imacxw/ilp32\libg_nano.a(lib_a-findfp.o)
                              d:/项目资料/cf-e9s/资料/mounriver_studio/toolchain/risc-v embedded gcc/bin/../lib/gcc/riscv-none-embed/8.2.0/../../../../riscv-none-embed/lib/rv32imacxw/ilp32\libg_nano.a(lib_a-printf.o) (__sinit)
d:/项目资料/cf-e9s/资料/mounriver_studio/toolchain/risc-v embedded gcc/bin/../lib/gcc/riscv-none-embed/8.2.0/../../../../riscv-none-embed/lib/rv32imacxw/ilp32\libg_nano.a(lib_a-fwalk.o)
                              d:/项目资料/cf-e9s/资料/mounriver_studio/toolchain/risc-v embedded gcc/bin/../lib/gcc/riscv-none-embed/8.2.0/../../../../riscv-none-embed/lib/rv32imacxw/ilp32\libg_nano.a(lib_a-findfp.o) (_fwalk)
d:/项目资料/cf-e9s/资料/mounriver_studio/toolchain/risc-v embedded gcc/bin/../lib/gcc/riscv-none-embed/8.2.0/../../../../riscv-none-embed/lib/rv32imacxw/ilp32\libg_nano.a(lib_a-impure.o)
                              d:/项目资料/cf-e9s/资料/mounriver_studio/toolchain/risc-v embedded gcc/bin/../lib/gcc/riscv-none-embed/8.2.0/../../../../riscv-none-embed/lib/rv32imacxw/ilp32\libg_nano.a(lib_a-fflush.o) (_global_impure_ptr)
d:/项目资料/cf-e9s/资料/mounriver_studio/toolchain/risc-v embedded gcc/bin/../lib/gcc/riscv-none-embed/8.2.0/../../../../riscv-none-embed/lib/rv32imacxw/ilp32\libg_nano.a(lib_a-makebuf.o)
                              d:/项目资料/cf-e9s/资料/mounriver_studio/toolchain/risc-v embedded gcc/bin/../lib/gcc/riscv-none-embed/8.2.0/../../../../riscv-none-embed/lib/rv32imacxw/ilp32\libg_nano.a(lib_a-wsetup.o) (__smakebuf_r)
d:/项目资料/cf-e9s/资料/mounriver_studio/toolchain/risc-v embedded gcc/bin/../lib/gcc/riscv-none-embed/8.2.0/../../../../riscv-none-embed/lib/rv32imacxw/ilp32\libg_nano.a(lib_a-nano-freer.o)
                              d:/项目资料/cf-e9s/资料/mounriver_studio/toolchain/risc-v embedded gcc/bin/../lib/gcc/riscv-none-embed/8.2.0/../../../../riscv-none-embed/lib/rv32imacxw/ilp32\libg_nano.a(lib_a-wsetup.o) (_free_r)
d:/项目资料/cf-e9s/资料/mounriver_studio/toolchain/risc-v embedded gcc/bin/../lib/gcc/riscv-none-embed/8.2.0/../../../../riscv-none-embed/lib/rv32imacxw/ilp32\libg_nano.a(lib_a-nano-mallocr.o)
                              d:/项目资料/cf-e9s/资料/mounriver_studio/toolchain/risc-v embedded gcc/bin/../lib/gcc/riscv-none-embed/8.2.0/../../../../riscv-none-embed/lib/rv32imacxw/ilp32\libg_nano.a(lib_a-findfp.o) (_malloc_r)
[...]
Memory Configuration

Name             Origin             Length             Attributes
FLASH            0x0000000000000000 0x000000000000f800 xr
RAM              0x0000000020000000 0x0000000000005000 xrw
*default*        0x0000000000000000 0xffffffffffffffff

Linker script and memory map

LOAD ./User/ch32x035_it.o
LOAD ./User/hw_borad.o
LOAD ./User/key.o
LOAD ./User/main.o
LOAD ./User/system_ch32x035.o
LOAD ./Startup/startup_ch32x035_5v.o
LOAD ./Peripheral/src/ch32x035_adc.o
LOAD ./Peripheral/src/ch32x035_awu.o
LOAD ./Peripheral/src/ch32x035_dbgmcu.o
LOAD ./Peripheral/src/ch32x035_dma.o
LOAD ./Peripheral/src/ch32x035_exti.o
LOAD ./Peripheral/src/ch32x035_flash.o
LOAD ./Peripheral/src/ch32x035_gpio.o
LOAD ./Peripheral/src/ch32x035_i2c.o
LOAD ./Peripheral/src/ch32x035_iwdg.o
LOAD ./Peripheral/src/ch32x035_misc.o
LOAD ./Peripheral/src/ch32x035_opa.o
LOAD ./Peripheral/src/ch32x035_pwr.o
LOAD ./Peripheral/src/ch32x035_rcc.o
LOAD ./Peripheral/src/ch32x035_spi.o
LOAD ./Peripheral/src/ch32x035_tim.o
LOAD ./Peripheral/src/ch32x035_usart.o
LOAD ./Peripheral/src/ch32x035_wwdg.o
LOAD ./Debug/debug.o
LOAD ./Core/core_riscv.o
LOAD d:/项目资料/cf-e9s/资料/mounriver_studio/toolchain/risc-v embedded gcc/bin/../lib/gcc/riscv-none-embed/8.2.0/rv32imacxw/ilp32\libgcc.a
LOAD d:/项目资料/cf-e9s/资料/mounriver_studio/toolchain/risc-v embedded gcc/bin/../lib/gcc/riscv-none-embed/8.2.0/../../../../riscv-none-embed/lib/rv32imacxw/ilp32\libg_nano.a
LOAD d:/项目资料/cf-e9s/资料/mounriver_studio/toolchain/risc-v embedded gcc/bin/../lib/gcc/riscv-none-embed/8.2.0/../../../../riscv-none-embed/lib/rv32imacxw/ilp32\libc_nano.a
LOAD d:/项目资料/cf-e9s/资料/mounriver_studio/toolchain/risc-v embedded gcc/bin/../lib/gcc/riscv-none-embed/8.2.0/rv32imacxw/ilp32\libgcc.a
START GROUP
LOAD d:/项目资料/cf-e9s/资料/mounriver_studio/toolchain/risc-v embedded gcc/bin/../lib/gcc/riscv-none-embed/8.2.0/rv32imacxw/ilp32\libgcc.a
LOAD d:/项目资料/cf-e9s/资料/mounriver_studio/toolchain/risc-v embedded gcc/bin/../lib/gcc/riscv-none-embed/8.2.0/../../../../riscv-none-embed/lib/rv32imacxw/ilp32\libc_nano.a
LOAD d:/项目资料/cf-e9s/资料/mounriver_studio/toolchain/risc-v embedded gcc/bin/../lib/gcc/riscv-none-embed/8.2.0/../../../../riscv-none-embed/lib/rv32imacxw/ilp32\libnosys.a
END GROUP
START GROUP
LOAD d:/项目资料/cf-e9s/资料/mounriver_studio/toolchain/risc-v embedded gcc/bin/../lib/gcc/riscv-none-embed/8.2.0/rv32imacxw/ilp32\libgcc.a
LOAD d:/项目资料/cf-e9s/资料/mounriver_studio/toolchain/risc-v embedded gcc/bin/../lib/gcc/riscv-none-embed/8.2.0/../../../../riscv-none-embed/lib/rv32imacxw/ilp32\libc_nano.a
LOAD d:/项目资料/cf-e9s/资料/mounriver_studio/toolchain/risc-v embedded gcc/bin/../lib/gcc/riscv-none-embed/8.2.0/../../../../riscv-none-embed/lib/rv32imacxw/ilp32\libnosys.a
END GROUP
                0x0000000000000800                __stack_size = 0x800
                [!provide]                        PROVIDE (_stack_size = __stack_size)

.init           0x0000000000000000        0x4
                0x0000000000000000                _sinit = .
                0x0000000000000000                . = ALIGN (0x4)
 *(SORT_NONE(.init))
 .init          0x0000000000000000        0x4 ./Startup/startup_ch32x035_5v.o
                0x0000000000000000                _start
                0x0000000000000004                . = ALIGN (0x4)
                0x0000000000000004                _einit = .

.vector         0x0000000000000004       0xfc
 *(.vector)
 .vector        0x0000000000000004       0xdc ./Startup/startup_ch32x035_5v.o
                0x0000000000000100                . = ALIGN (0x40)
 *fill*         0x00000000000000e0       0x20 

.text           0x0000000000000100     0x1fa4
                0x0000000000000100                . = ALIGN (0x4)
 *(.text)
 .text          0x0000000000000100       0x60 d:/项目资料/cf-e9s/资料/mounriver_studio/toolchain/risc-v embedded gcc/bin/../lib/gcc/riscv-none-embed/8.2.0/rv32imacxw/ilp32\libgcc.a(save-restore.o)
                0x0000000000000100                __riscv_save_12
                0x0000000000000108                __riscv_save_9
                0x0000000000000108                __riscv_save_11
                0x0000000000000108                __riscv_save_10
                0x0000000000000108                __riscv_save_8
                0x0000000000000116                __riscv_save_4
                0x0000000000000116                __riscv_save_6
                0x0000000000000116                __riscv_save_5
                0x0000000000000116                __riscv_save_7
                0x0000000000000130                __riscv_save_3
                0x0000000000000130                __riscv_save_2
                0x0000000000000130                __riscv_save_1
                0x0000000000000130                __riscv_save_0
                0x000000000000013c                __riscv_restore_12
                0x0000000000000140                __riscv_restore_11
                0x0000000000000140                __riscv_restore_9
                0x0000000000000140                __riscv_restore_10
                0x0000000000000140                __riscv_restore_8
                0x000000000000014a                __riscv_restore_5
                0x000000000000014a                __riscv_restore_7
                0x000000000000014a                __riscv_restore_6
                0x000000000000014a                __riscv_restore_4
                0x0000000000000154                __riscv_restore_3
                0x0000000000000154                __riscv_restore_0
                0x0000000000000154                __riscv_restore_2
                0x0000000000000154                __riscv_restore_1
 .text          0x0000000000000160       0xa8 d:/项目资料/cf-e9s/资料/mounriver_studio/toolchain/risc-v embedded gcc/bin/../lib/gcc/riscv-none-embed/8.2.0/../../../../riscv-none-embed/lib/rv32imacxw/ilp32\libg_nano.a(lib_a-memset.o)
                0x0000000000000160                memset
 *(.text.*)
 .text.NMI_Handler
                0x0000000000000208        0x4 ./User/ch32x035_it.o
                0x0000000000000208                NMI_Handler
 .text.HardFault_Handler
                0x000000000000020c        0x2 ./User/ch32x035_it.o
                0x000000000000020c                HardFault_Handler
 .text.KEY_Init
                0x000000000000020e       0x42 ./User/hw_borad.o
                0x000000000000020e                KEY_Init
 .text.ADC1_Init
                0x0000000000000250       0xee ./User/hw_borad.o
                0x0000000000000250                ADC1_Init
 .text.TIM1_Init
                0x000000000000033e       0x68 ./User/hw_borad.o
                0x000000000000033e                TIM1_Init
 .text.APP_Board_Init
                0x00000000000003a6       0x2c ./User/hw_borad.o
                0x00000000000003a6                APP_Board_Init
 .text.Scan_R2_trigger
                0x00000000000003d2        0xa ./User/key.o
                0x00000000000003d2                Scan_R2_trigger
 .text.Scan_L2_trigger
                0x00000000000003dc        0xa ./User/key.o
                0x00000000000003dc                Scan_L2_trigger
 .text.iokey_scan
                0x00000000000003e6      0x180 ./User/key.o
                0x00000000000003e6                iokey_scan
 .text.startup.main
                0x0000000000000566       0x5e ./User/main.o
                0x0000000000000566                main
 .text.TIM1_UP_IRQHandler
                0x00000000000005c4       0x98 ./User/main.o
                0x00000000000005c4                TIM1_UP_IRQHandler
 .text.SystemInit
                0x000000000000065c       0x42 ./User/system_ch32x035.o
                0x000000000000065c                SystemInit
 .text.SystemCoreClockUpdate
                0x000000000000069e       0x3e ./User/system_ch32x035.o
                0x000000000000069e                SystemCoreClockUpdate
 .text.vector_handler
                0x00000000000006dc       0x5a ./Startup/startup_ch32x035_5v.o
                0x00000000000006e0                Ecall_M_Mode_Handler
                0x00000000000006e2                Ecall_U_Mode_Handler
                0x00000000000006e4                Break_Point_Handler
                0x00000000000006e6                SysTick_Handler
                0x00000000000006e8                SW_Handler
                0x00000000000006ea                WWDG_IRQHandler
                0x00000000000006ec                PVD_IRQHandler
                0x00000000000006ee                FLASH_IRQHandler
                0x00000000000006f0                EXTI7_0_IRQHandler
                0x00000000000006f2                AWU_IRQHandler
                0x00000000000006f4                DMA1_Channel1_IRQHandler
                0x00000000000006f6                DMA1_Channel2_IRQHandler
                0x00000000000006f8                DMA1_Channel3_IRQHandler
                0x00000000000006fa                DMA1_Channel4_IRQHandler
                0x00000000000006fc                DMA1_Channel5_IRQHandler
                0x00000000000006fe                DMA1_Channel6_IRQHandler
                0x0000000000000700                DMA1_Channel7_IRQHandler
                0x0000000000000702                ADC1_IRQHandler
                0x0000000000000704                I2C1_EV_IRQHandler
                0x0000000000000706                I2C1_ER_IRQHandler
                0x0000000000000708                USART1_IRQHandler
                0x000000000000070a                SPI1_IRQHandler
                0x000000000000070c                TIM1_BRK_IRQHandler
                0x0000000000000710                TIM1_TRG_COM_IRQHandler
                0x0000000000000712                TIM1_CC_IRQHandler
                0x0000000000000714                TIM2_UP_IRQHandler
                0x0000000000000716                USART2_IRQHandler
                0x0000000000000718                EXTI15_8_IRQHandler
                0x000000000000071a                EXTI25_16_IRQHandler
                0x000000000000071c                USART3_IRQHandler
                0x000000000000071e                USART4_IRQHandler
                0x0000000000000720                DMA1_Channel8_IRQHandler
                0x0000000000000722                USBFS_IRQHandler
                0x0000000000000724                USBFSWakeUp_IRQHandler
                0x0000000000000726                PIOC_IRQHandler
                0x0000000000000728                OPA_IRQHandler
                0x000000000000072a                USBPD_IRQHandler
                0x000000000000072c                USBPDWakeUp_IRQHandler
                0x000000000000072e                TIM2_CC_IRQHandler
                0x0000000000000730                TIM2_TRG_COM_IRQHandler
                0x0000000000000732                TIM2_BRK_IRQHandler
                0x0000000000000734                TIM3_IRQHandler
 .text.handle_reset
                0x0000000000000736       0x86 ./Startup/startup_ch32x035_5v.o
                0x0000000000000736                handle_reset
 .text.ADC_DeInit
                0x00000000000007bc       0x26 ./Peripheral/src/ch32x035_adc.o
                0x00000000000007bc                ADC_DeInit
 .text.ADC_Init
                0x00000000000007e2       0x56 ./Peripheral/src/ch32x035_adc.o
                0x00000000000007e2                ADC_Init
 .text.ADC_Cmd  0x0000000000000838       0x10 ./Peripheral/src/ch32x035_adc.o
                0x0000000000000838                ADC_Cmd
 .text.ADC_DMACmd
                0x0000000000000848       0x12 ./Peripheral/src/ch32x035_adc.o
                0x0000000000000848                ADC_DMACmd
 .text.ADC_SoftwareStartConvCmd
                0x000000000000085a       0x18 ./Peripheral/src/ch32x035_adc.o
                0x000000000000085a                ADC_SoftwareStartConvCmd
 .text.ADC_RegularChannelConfig
                0x0000000000000872       0xb8 ./Peripheral/src/ch32x035_adc.o
                0x0000000000000872                ADC_RegularChannelConfig
 .text.ADC_CLKConfig
                0x000000000000092a        0xc ./Peripheral/src/ch32x035_adc.o
                0x000000000000092a                ADC_CLKConfig
 .text.GPIO_Init
                0x0000000000000936      0x16e ./Peripheral/src/ch32x035_gpio.o
                0x0000000000000936                GPIO_Init
 .text.GPIO_ReadInputDataBit
                0x0000000000000aa4        0xa ./Peripheral/src/ch32x035_gpio.o
                0x0000000000000aa4                GPIO_ReadInputDataBit
 .text.NVIC_PriorityGroupConfig
                0x0000000000000aae        0x6 ./Peripheral/src/ch32x035_misc.o
                0x0000000000000aae                NVIC_PriorityGroupConfig
 .text.NVIC_Init
                0x0000000000000ab4       0xa6 ./Peripheral/src/ch32x035_misc.o
                0x0000000000000ab4                NVIC_Init
 .text.RCC_GetClocksFreq
                0x0000000000000b5a       0x3e ./Peripheral/src/ch32x035_rcc.o
                0x0000000000000b5a                RCC_GetClocksFreq
 .text.RCC_APB2PeriphClockCmd
                0x0000000000000b98       0x1e ./Peripheral/src/ch32x035_rcc.o
                0x0000000000000b98                RCC_APB2PeriphClockCmd
 .text.RCC_APB1PeriphClockCmd
                0x0000000000000bb6       0x1e ./Peripheral/src/ch32x035_rcc.o
                0x0000000000000bb6                RCC_APB1PeriphClockCmd
 .text.RCC_APB2PeriphResetCmd
                0x0000000000000bd4       0x1e ./Peripheral/src/ch32x035_rcc.o
                0x0000000000000bd4                RCC_APB2PeriphResetCmd
 .text.TIM_TimeBaseStructInit
                0x0000000000000bf2       0x16 ./Peripheral/src/ch32x035_tim.o
                0x0000000000000bf2                TIM_TimeBaseStructInit
 .text.TIM_Cmd  0x0000000000000c08       0x18 ./Peripheral/src/ch32x035_tim.o
                0x0000000000000c08                TIM_Cmd
 .text.TIM_ITConfig
                0x0000000000000c20       0x12 ./Peripheral/src/ch32x035_tim.o
                0x0000000000000c20                TIM_ITConfig
 .text.TIM_GenerateEvent
                0x0000000000000c32        0x4 ./Peripheral/src/ch32x035_tim.o
                0x0000000000000c32                TIM_GenerateEvent
 .text.TIM_UpdateRequestConfig
                0x0000000000000c36       0x18 ./Peripheral/src/ch32x035_tim.o
                0x0000000000000c36                TIM_UpdateRequestConfig
 .text.TIM_GetFlagStatus
                0x0000000000000c4e        0xa ./Peripheral/src/ch32x035_tim.o
                0x0000000000000c4e                TIM_GetFlagStatus
 .text.TIM_ClearFlag
                0x0000000000000c58        0xc ./Peripheral/src/ch32x035_tim.o
                0x0000000000000c58                TIM_ClearFlag
 .text.USART_Init
                0x0000000000000c64       0x8e ./Peripheral/src/ch32x035_usart.o
                0x0000000000000c64                USART_Init
 .text.USART_Cmd
                0x0000000000000cf2       0x16 ./Peripheral/src/ch32x035_usart.o
                0x0000000000000cf2                USART_Cmd
 .text.USART_SendData
                0x0000000000000d08        0x8 ./Peripheral/src/ch32x035_usart.o
                0x0000000000000d08                USART_SendData
 .text.USART_GetFlagStatus
                0x0000000000000d10        0xa ./Peripheral/src/ch32x035_usart.o
                0x0000000000000d10                USART_GetFlagStatus
 .text.USART_Printf_Init
                0x0000000000000d1a       0x56 ./Debug/debug.o
                0x0000000000000d1a                USART_Printf_Init
 .text.USART2_Printf_Init
                0x0000000000000d70       0x56 ./Debug/debug.o
                0x0000000000000d70                USART2_Printf_Init
 .text.USART3_Printf_Init
                0x0000000000000dc6        0xa ./Debug/debug.o
                0x0000000000000dc6                USART3_Printf_Init
 .text._write   0x0000000000000dd0       0x3a ./Debug/debug.o
                0x0000000000000dd0                _write
 .text._sbrk    0x0000000000000e0a       0x26 ./Debug/debug.o
                0x0000000000000e0a                _sbrk
 .text.printf   0x0000000000000e30       0x40 d:/项目资料/cf-e9s/资料/mounriver_studio/toolchain/risc-v embedded gcc/bin/../lib/gcc/riscv-none-embed/8.2.0/../../../../riscv-none-embed/lib/rv32imacxw/ilp32\libg_nano.a(lib_a-printf.o)
                0x0000000000000e30                iprintf
                0x0000000000000e30                printf
 .text._puts_r  0x0000000000000e70       0xd4 d:/项目资料/cf-e9s/资料/mounriver_studio/toolchain/risc-v embedded gcc/bin/../lib/gcc/riscv-none-embed/8.2.0/../../../../riscv-none-embed/lib/rv32imacxw/ilp32\libg_nano.a(lib_a-puts.o)
                0x0000000000000e70                _puts_r
 .text.puts     0x0000000000000f44        0xa d:/项目资料/cf-e9s/资料/mounriver_studio/toolchain/risc-v embedded gcc/bin/../lib/gcc/riscv-none-embed/8.2.0/../../../../riscv-none-embed/lib/rv32imacxw/ilp32\libg_nano.a(lib_a-puts.o)
                0x0000000000000f44                puts
 .text.__swbuf_r
                0x0000000000000f4e       0xbc d:/项目资料/cf-e9s/资料/mounriver_studio/toolchain/risc-v embedded gcc/bin/../lib/gcc/riscv-none-embed/8.2.0/../../../../riscv-none-embed/lib/rv32imacxw/ilp32\libg_nano.a(lib_a-wbuf.o)
                0x0000000000000f4e                __swbuf_r
 .text.__swsetup_r
                0x000000000000100a       0xfc d:/项目资料/cf-e9s/资料/mounriver_studio/toolchain/risc-v embedded gcc/bin/../lib/gcc/riscv-none-embed/8.2.0/../../../../riscv-none-embed/lib/rv32imacxw/ilp32\libg_nano.a(lib_a-wsetup.o)
                0x000000000000100a                __swsetup_r
 .text.__sflush_r
                0x0000000000001106      0x130 d:/项目资料/cf-e9s/资料/mounriver_studio/toolchain/risc-v embedded gcc/bin/../lib/gcc/riscv-none-embed/8.2.0/../../../../riscv-none-embed/lib/rv32imacxw/ilp32\libg_nano.a(lib_a-fflush.o)
                0x0000000000001106                __sflush_r
 .text._fflush_r
                0x0000000000001236       0x64 d:/项目资料/cf-e9s/资料/mounriver_studio/toolchain/risc-v embedded gcc/bin/../lib/gcc/riscv-none-embed/8.2.0/../../../../riscv-none-embed/lib/rv32imacxw/ilp32\libg_nano.a(lib_a-fflush.o)
                0x0000000000001236                _fflush_r
 .text.std      0x000000000000129a       0x66 d:/项目资料/cf-e9s/资料/mounriver_studio/toolchain/risc-v embedded gcc/bin/../lib/gcc/riscv-none-embed/8.2.0/../../../../riscv-none-embed/lib/rv32imacxw/ilp32\libg_nano.a(lib_a-findfp.o)
 .text._cleanup_r
                0x0000000000001300        0xa d:/项目资料/cf-e9s/资料/mounriver_studio/toolchain/risc-v embedded gcc/bin/../lib/gcc/riscv-none-embed/8.2.0/../../../../riscv-none-embed/lib/rv32imacxw/ilp32\libg_nano.a(lib_a-findfp.o)
                0x0000000000001300                _cleanup_r
 .text.__sfmoreglue
                0x000000000000130a       0x46 d:/项目资料/cf-e9s/资料/mounriver_studio/toolchain/risc-v embedded gcc/bin/../lib/gcc/riscv-none-embed/8.2.0/../../../../riscv-none-embed/lib/rv32imacxw/ilp32\libg_nano.a(lib_a-findfp.o)
                0x000000000000130a                __sfmoreglue
 .text.__sinit  0x0000000000001350       0x66 d:/项目资料/cf-e9s/资料/mounriver_studio/toolchain/risc-v embedded gcc/bin/../lib/gcc/riscv-none-embed/8.2.0/../../../../riscv-none-embed/lib/rv32imacxw/ilp32\libg_nano.a(lib_a-findfp.o)
                0x0000000000001350                __sinit
 .text.__sfp    0x00000000000013b6       0x9c d:/项目资料/cf-e9s/资料/mounriver_studio/toolchain/risc-v embedded gcc/bin/../lib/gcc/riscv-none-embed/8.2.0/../../../../riscv-none-embed/lib/rv32imacxw/ilp32\libg_nano.a(lib_a-findfp.o)
                0x00000000000013b6                __sfp
 .text._fwalk_reent
                0x0000000000001452       0x6a d:/项目资料/cf-e9s/资料/mounriver_studio/toolchain/risc-v embedded gcc/bin/../lib/gcc/riscv-none-embed/8.2.0/../../../../riscv-none-embed/lib/rv32imacxw/ilp32\libg_nano.a(lib_a-fwalk.o)
                0x0000000000001452                _fwalk_reent
 .text.__swhatbuf_r
                0x00000000000014bc       0x58 d:/项目资料/cf-e9s/资料/mounriver_studio/toolchain/risc-v embedded gcc/bin/../lib/gcc/riscv-none-embed/8.2.0/../../../../riscv-none-embed/lib/rv32imacxw/ilp32\libg_nano.a(lib_a-makebuf.o)
                0x00000000000014bc                __swhatbuf_r
 .text.__smakebuf_r
                0x0000000000001514       0x90 d:/项目资料/cf-e9s/资料/mounriver_studio/toolchain/risc-v embedded gcc/bin/../lib/gcc/riscv-none-embed/8.2.0/../../../../riscv-none-embed/lib/rv32imacxw/ilp32\libg_nano.a(lib_a-makebuf.o)
                0x0000000000001514                __smakebuf_r
 .text._free_r  0x00000000000015a4       0xa8 d:/项目资料/cf-e9s/资料/mounriver_studio/toolchain/risc-v embedded gcc/bin/../lib/gcc/riscv-none-embed/8.2.0/../../../../riscv-none-embed/lib/rv32imacxw/ilp32\libg_nano.a(lib_a-nano-freer.o)
                0x00000000000015a4                _free_r
 .text._malloc_r
                0x000000000000164c       0xd4 d:/项目资料/cf-e9s/资料/mounriver_studio/toolchain/risc-v embedded gcc/bin/../lib/gcc/riscv-none-embed/8.2.0/../../../../riscv-none-embed/lib/rv32imacxw/ilp32\libg_nano.a(lib_a-nano-mallocr.o)
                0x000000000000164c                _malloc_r
 .text.__sfputc_r
                0x0000000000001720       0x28 d:/项目资料/cf-e9s/资料/mounriver_studio/toolchain/risc-v embedded gcc/bin/../lib/gcc/riscv-none-embed/8.2.0/../../../../riscv-none-embed/lib/rv32imacxw/ilp32\libg_nano.a(lib_a-nano-vfprintf.o)
 .text.__sfputs_r
                0x0000000000001748       0x40 d:/项目资料/cf-e9s/资料/mounriver_studio/toolchain/risc-v embedded gcc/bin/../lib/gcc/riscv-none-embed/8.2.0/../../../../riscv-none-embed/lib/rv32imacxw/ilp32\libg_nano.a(lib_a-nano-vfprintf.o)
                0x0000000000001748                __sfputs_r
 .text._vfprintf_r
                0x0000000000001788      0x284 d:/项目资料/cf-e9s/资料/mounriver_studio/toolchain/risc-v embedded gcc/bin/../lib/gcc/riscv-none-embed/8.2.0/../../../../riscv-none-embed/lib/rv32imacxw/ilp32\libg_nano.a(lib_a-nano-vfprintf.o)
                0x0000000000001788                _vfprintf_r
                0x0000000000001788                _vfiprintf_r
 .text._printf_common
                0x0000000000001a0c      0x10c d:/项目资料/cf-e9s/资料/mounriver_studio/toolchain/risc-v embedded gcc/bin/../lib/gcc/riscv-none-embed/8.2.0/../../../../riscv-none-embed/lib/rv32imacxw/ilp32\libg_nano.a(lib_a-nano-vfprintf_i.o)
                0x0000000000001a0c                _printf_common
 .text._printf_i
                0x0000000000001b18      0x2a0 d:/项目资料/cf-e9s/资料/mounriver_studio/toolchain/risc-v embedded gcc/bin/../lib/gcc/riscv-none-embed/8.2.0/../../../../riscv-none-embed/lib/rv32imacxw/ilp32\libg_nano.a(lib_a-nano-vfprintf_i.o)
                0x0000000000001b18                _printf_i
 .text._sbrk_r  0x0000000000001db8       0x2a d:/项目资料/cf-e9s/资料/mounriver_studio/toolchain/risc-v embedded gcc/bin/../lib/gcc/riscv-none-embed/8.2.0/../../../../riscv-none-embed/lib/rv32imacxw/ilp32\libg_nano.a(lib_a-sbrkr.o)
                0x0000000000001db8                _sbrk_r
 .text.__sread  0x0000000000001de2       0x2c d:/项目资料/cf-e9s/资料/mounriver_studio/toolchain/risc-v embedded gcc/bin/../lib/gcc/riscv-none-embed/8.2.0/../../../../riscv-none-embed/lib/rv32imacxw/ilp32\libg_nano.a(lib_a-stdio.o)
                0x0000000000001de2                __sread
 .text.__swrite
                0x0000000000001e0e       0x48 d:/项目资料/cf-e9s/资料/mounriver_studio/toolchain/risc-v embedded gcc/bin/../lib/gcc/riscv-none-embed/8.2.0/../../../../riscv-none-embed/lib/rv32imacxw/ilp32\libg_nano.a(lib_a-stdio.o)
                0x0000000000001e0e                __swrite
 .text.__sseek  0x0000000000001e56       0x30 d:/项目资料/cf-e9s/资料/mounriver_studio/toolchain/risc-v embedded gcc/bin/../lib/gcc/riscv-none-embed/8.2.0/../../../../riscv-none-embed/lib/rv32imacxw/ilp32\libg_nano.a(lib_a-stdio.o)
                0x0000000000001e56                __sseek
 .text.__sclose
                0x0000000000001e86        0x6 d:/项目资料/cf-e9s/资料/mounriver_studio/toolchain/risc-v embedded gcc/bin/../lib/gcc/riscv-none-embed/8.2.0/../../../../riscv-none-embed/lib/rv32imacxw/ilp32\libg_nano.a(lib_a-stdio.o)
                0x0000000000001e86                __sclose
 .text._write_r
                0x0000000000001e8c       0x2e d:/项目资料/cf-e9s/资料/mounriver_studio/toolchain/risc-v embedded gcc/bin/../lib/gcc/riscv-none-embed/8.2.0/../../../../riscv-none-embed/lib/rv32imacxw/ilp32\libg_nano.a(lib_a-writer.o)
                0x0000000000001e8c                _write_r
 .text._close_r
                0x0000000000001eba       0x28 d:/项目资料/cf-e9s/资料/mounriver_studio/toolchain/risc-v embedded gcc/bin/../lib/gcc/riscv-none-embed/8.2.0/../../../../riscv-none-embed/lib/rv32imacxw/ilp32\libg_nano.a(lib_a-closer.o)
                0x0000000000001eba                _close_r
 .text._fstat_r
                0x0000000000001ee2       0x2a d:/项目资料/cf-e9s/资料/mounriver_studio/toolchain/risc-v embedded gcc/bin/../lib/gcc/riscv-none-embed/8.2.0/../../../../riscv-none-embed/lib/rv32imacxw/ilp32\libg_nano.a(lib_a-fstatr.o)
                0x0000000000001ee2                _fstat_r
 .text._isatty_r
                0x0000000000001f0c       0x28 d:/项目资料/cf-e9s/资料/mounriver_studio/toolchain/risc-v embedded gcc/bin/../lib/gcc/riscv-none-embed/8.2.0/../../../../riscv-none-embed/lib/rv32imacxw/ilp32\libg_nano.a(lib_a-isattyr.o)
                0x0000000000001f0c                _isatty_r
 .text._lseek_r
                0x0000000000001f34       0x2c d:/项目资料/cf-e9s/资料/mounriver_studio/toolchain/risc-v embedded gcc/bin/../lib/gcc/riscv-none-embed/8.2.0/../../../../riscv-none-embed/lib/rv32imacxw/ilp32\libg_nano.a(lib_a-lseekr.o)
                0x0000000000001f34                _lseek_r
 .text.memchr   0x0000000000001f60       0x18 d:/项目资料/cf-e9s/资料/mounriver_studio/toolchain/risc-v embedded gcc/bin/../lib/gcc/riscv-none-embed/8.2.0/../../../../riscv-none-embed/lib/rv32imacxw/ilp32\libg_nano.a(lib_a-memchr.o)
                0x0000000000001f60                memchr
 .text.__malloc_lock
                0x0000000000001f78        0x2 d:/项目资料/cf-e9s/资料/mounriver_studio/toolchain/risc-v embedded gcc/bin/../lib/gcc/riscv-none-embed/8.2.0/../../../../riscv-none-embed/lib/rv32imacxw/ilp32\libg_nano.a(lib_a-mlock.o)
                0x0000000000001f78                __malloc_lock
 .text.__malloc_unlock
                0x0000000000001f7a        0x2 d:/项目资料/cf-e9s/资料/mounriver_studio/toolchain/risc-v embedded gcc/bin/../lib/gcc/riscv-none-embed/8.2.0/../../../../riscv-none-embed/lib/rv32imacxw/ilp32\libg_nano.a(lib_a-mlock.o)
                0x0000000000001f7a                __malloc_unlock
 .text._read_r  0x0000000000001f7c       0x2c d:/项目资料/cf-e9s/资料/mounriver_studio/toolchain/risc-v embedded gcc/bin/../lib/gcc/riscv-none-embed/8.2.0/../../../../riscv-none-embed/lib/rv32imacxw/ilp32\libg_nano.a(lib_a-readr.o)
                0x0000000000001f7c                _read_r
 .text._close   0x0000000000001fa8        0xc d:/项目资料/cf-e9s/资料/mounriver_studio/toolchain/risc-v embedded gcc/bin/../lib/gcc/riscv-none-embed/8.2.0/../../../../riscv-none-embed/lib/rv32imacxw/ilp32\libnosys.a(close.o)
                0x0000000000001fa8                _close
 .text._fstat   0x0000000000001fb4        0xc d:/项目资料/cf-e9s/资料/mounriver_studio/toolchain/risc-v embedded gcc/bin/../lib/gcc/riscv-none-embed/8.2.0/../../../../riscv-none-embed/lib/rv32imacxw/ilp32\libnosys.a(fstat.o)
                0x0000000000001fb4                _fstat
 .text._isatty  0x0000000000001fc0        0xc d:/项目资料/cf-e9s/资料/mounriver_studio/toolchain/risc-v embedded gcc/bin/../lib/gcc/riscv-none-embed/8.2.0/../../../../riscv-none-embed/lib/rv32imacxw/ilp32\libnosys.a(isatty.o)
                0x0000000000001fc0                _isatty
 .text._lseek   0x0000000000001fcc        0xc d:/项目资料/cf-e9s/资料/mounriver_studio/toolchain/risc-v embedded gcc/bin/../lib/gcc/riscv-none-embed/8.2.0/../../../../riscv-none-embed/lib/rv32imacxw/ilp32\libnosys.a(lseek.o)
                0x0000000000001fcc                _lseek
 .text._read    0x0000000000001fd8        0xc d:/项目资料/cf-e9s/资料/mounriver_studio/toolchain/risc-v embedded gcc/bin/../lib/gcc/riscv-none-embed/8.2.0/../../../../riscv-none-embed/lib/rv32imacxw/ilp32\libnosys.a(read.o)
                0x0000000000001fd8                _read
 *(.rodata)
 *(.rodata*)
 *fill*         0x0000000000001fe4        0x0 
 .rodata.APP_Board_Init.str1.4
                0x0000000000001fe4        0xb ./User/hw_borad.o
 *fill*         0x0000000000001fef        0x1 
 .rodata.main.str1.4
                0x0000000000001ff0       0x17 ./User/main.o
 *fill*         0x0000000000002007        0x1 
 .rodata.__sf_fake_stderr
                0x0000000000002008       0x20 d:/项目资料/cf-e9s/资料/mounriver_studio/toolchain/risc-v embedded gcc/bin/../lib/gcc/riscv-none-embed/8.2.0/../../../../riscv-none-embed/lib/rv32imacxw/ilp32\libg_nano.a(lib_a-findfp.o)
                0x0000000000002008                __sf_fake_stderr
 .rodata.__sf_fake_stdin
                0x0000000000002028       0x20 d:/项目资料/cf-e9s/资料/mounriver_studio/toolchain/risc-v embedded gcc/bin/../lib/gcc/riscv-none-embed/8.2.0/../../../../riscv-none-embed/lib/rv32imacxw/ilp32\libg_nano.a(lib_a-findfp.o)
                0x0000000000002028                __sf_fake_stdin
 .rodata.__sf_fake_stdout
                0x0000000000002048       0x20 d:/项目资料/cf-e9s/资料/mounriver_studio/toolchain/risc-v embedded gcc/bin/../lib/gcc/riscv-none-embed/8.2.0/../../../../riscv-none-embed/lib/rv32imacxw/ilp32\libg_nano.a(lib_a-findfp.o)
                0x0000000000002048                __sf_fake_stdout
 .rodata._vfprintf_r.str1.4
                0x0000000000002068       0x13 d:/项目资料/cf-e9s/资料/mounriver_studio/toolchain/risc-v embedded gcc/bin/../lib/gcc/riscv-none-embed/8.2.0/../../../../riscv-none-embed/lib/rv32imacxw/ilp32\libg_nano.a(lib_a-nano-vfprintf.o)
 *fill*         0x000000000000207b        0x1 
 .rodata._printf_i.str1.4
                0x000000000000207c       0x28 d:/项目资料/cf-e9s/资料/mounriver_studio/toolchain/risc-v embedded gcc/bin/../lib/gcc/riscv-none-embed/8.2.0/../../../../riscv-none-embed/lib/rv32imacxw/ilp32\libg_nano.a(lib_a-nano-vfprintf_i.o)
                                         0x25 (size before relaxing)
 *(.gnu.linkonce.t.*)
                0x00000000000020a4                . = ALIGN (0x4)

.rela.dyn       0x00000000000020a4        0x0
 .rela.init     0x00000000000020a4        0x0 ./User/ch32x035_it.o
 .rela.vector   0x00000000000020a4        0x0 ./User/ch32x035_it.o
 .rela.text.handle_reset
                0x00000000000020a4        0x0 ./User/ch32x035_it.o
 .rela.text._sbrk
                0x00000000000020a4        0x0 ./User/ch32x035_it.o
 .rela.sdata.curbrk.4316
                0x00000000000020a4        0x0 ./User/ch32x035_it.o
 .rela.text._vfprintf_r
                0x00000000000020a4        0x0 ./User/ch32x035_it.o
 .rela.text._sbrk_r
                0x00000000000020a4        0x0 ./User/ch32x035_it.o
 .rela.text._write_r
                0x00000000000020a4        0x0 ./User/ch32x035_it.o
 .rela.text._close_r
                0x00000000000020a4        0x0 ./User/ch32x035_it.o
 .rela.text._fstat_r
                0x00000000000020a4        0x0 ./User/ch32x035_it.o
 .rela.text._isatty_r
                0x00000000000020a4        0x0 ./User/ch32x035_it.o
 .rela.text._lseek_r
                0x00000000000020a4        0x0 ./User/ch32x035_it.o
 .rela.text._read_r
                0x00000000000020a4        0x0 ./User/ch32x035_it.o
 .rela.text._close
                0x00000000000020a4        0x0 ./User/ch32x035_it.o
 .rela.text._fstat
                0x00000000000020a4        0x0 ./User/ch32x035_it.o
 .rela.text._isatty
                0x00000000000020a4        0x0 ./User/ch32x035_it.o
 .rela.text._lseek
                0x00000000000020a4        0x0 ./User/ch32x035_it.o
 .rela.text._read
                0x00000000000020a4        0x0 ./User/ch32x035_it.o

.fini           0x00000000000020a4        0x0
 *(SORT_NONE(.fini))
                0x00000000000020a4                . = ALIGN (0x4)
                [!provide]                        PROVIDE (_etext = .)
                [!provide]                        PROVIDE (_eitcm = .)

.preinit_array  0x00000000000020a4        0x0
                [!provide]                        PROVIDE (__preinit_array_start = .)
 *(.preinit_array)
                [!provide]                        PROVIDE (__preinit_array_end = .)

.init_array     0x00000000000020a4        0x0
                [!provide]                        PROVIDE (__init_array_start = .)
 *(SORT_BY_INIT_PRIORITY(.init_array.*) SORT_BY_INIT_PRIORITY(.ctors.*))
 *(.init_array EXCLUDE_FILE(*crtend?.o *crtend.o *crtbegin?.o *crtbegin.o) .ctors)
                [!provide]                        PROVIDE (__init_array_end = .)

.fini_array     0x00000000000020a4        0x0
                [!provide]                        PROVIDE (__fini_array_start = .)
 *(SORT_BY_INIT_PRIORITY(.fini_array.*) SORT_BY_INIT_PRIORITY(.dtors.*))
 *(.fini_array EXCLUDE_FILE(*crtend?.o *crtend.o *crtbegin?.o *crtbegin.o) .dtors)
                [!provide]                        PROVIDE (__fini_array_end = .)

.ctors
 *crtbegin.o(.ctors)
 *crtbegin?.o(.ctors)
 *(EXCLUDE_FILE(*crtend?.o *crtend.o) .ctors)
 *(SORT_BY_NAME(.ctors.*))
 *(.ctors)

.dtors
 *crtbegin.o(.dtors)
 *crtbegin?.o(.dtors)
 *(EXCLUDE_FILE(*crtend?.o *crtend.o) .dtors)
 *(SORT_BY_NAME(.dtors.*))
 *(.dtors)

.dalign         0x0000000020000000        0x0 load address 0x00000000000020a4
                0x0000000020000000                . = ALIGN (0x4)
                0x0000000020000000                PROVIDE (_data_vma = .)

.dlalign        0x00000000000020a4        0x0
                0x00000000000020a4                . = ALIGN (0x4)
                0x00000000000020a4                PROVIDE (_data_lma = .)

.data           0x0000000020000000       0xa0 load address 0x00000000000020a4
 *(.gnu.linkonce.r.*)
 *(.data .data.*)
 .data.AHBPrescTable
                0x0000000020000000       0x10 ./User/system_ch32x035.o
                0x0000000020000000                AHBPrescTable
 .data.APBAHBPrescTable
                0x0000000020000010       0x10 ./Peripheral/src/ch32x035_rcc.o
 .data.impure_data
                0x0000000020000020       0x60 d:/项目资料/cf-e9s/资料/mounriver_studio/toolchain/risc-v embedded gcc/bin/../lib/gcc/riscv-none-embed/8.2.0/../../../../riscv-none-embed/lib/rv32imacxw/ilp32\libg_nano.a(lib_a-impure.o)
 *(.gnu.linkonce.d.*)
                0x0000000020000080                . = ALIGN (0x8)
                0x0000000020000880                PROVIDE (__global_pointer$ = (. + 0x800))
 *(.sdata .sdata.*)
 .sdata.SystemCoreClock
                0x0000000020000080        0x4 ./User/system_ch32x035.o
                0x0000000020000080                SystemCoreClock
 .sdata.CFGHR_tmpA
                0x0000000020000084        0x4 ./Peripheral/src/ch32x035_gpio.o
                0x0000000020000084                CFGHR_tmpA
 .sdata.CFGHR_tmpB
                0x0000000020000088        0x4 ./Peripheral/src/ch32x035_gpio.o
                0x0000000020000088                CFGHR_tmpB
 .sdata.CFGHR_tmpC
                0x000000002000008c        0x4 ./Peripheral/src/ch32x035_gpio.o
                0x000000002000008c                CFGHR_tmpC
 .sdata.curbrk.4316
                0x0000000020000090        0x4 ./Debug/debug.o
 .sdata._impure_ptr
                0x0000000020000094        0x4 d:/项目资料/cf-e9s/资料/mounriver_studio/toolchain/risc-v embedded gcc/bin/../lib/gcc/riscv-none-embed/8.2.0/../../../../riscv-none-embed/lib/rv32imacxw/ilp32\libg_nano.a(lib_a-impure.o)
                0x0000000020000094                _impure_ptr
 *(.sdata2.*)
 .sdata2._global_impure_ptr
                0x0000000020000098        0x4 d:/项目资料/cf-e9s/资料/mounriver_studio/toolchain/risc-v embedded gcc/bin/../lib/gcc/riscv-none-embed/8.2.0/../../../../riscv-none-embed/lib/rv32imacxw/ilp32\libg_nano.a(lib_a-impure.o)
                0x0000000020000098                _global_impure_ptr
 *(.gnu.linkonce.s.*)
                0x00000000200000a0                . = ALIGN (0x8)
 *fill*         0x000000002000009c        0x4 
 *(.srodata.cst16)
 *(.srodata.cst8)
 *(.srodata.cst4)
 *(.srodata.cst2)
 *(.srodata .srodata.*)
                0x00000000200000a0                . = ALIGN (0x4)
                0x00000000200000a0                PROVIDE (_edata = .)

.bss            0x00000000200000a0       0x48 load address 0x0000000000002144
                0x00000000200000a0                . = ALIGN (0x4)
                0x00000000200000a0                PROVIDE (_sbss = .)
 *(.sbss*)
 .sbss.mSysTick
                0x00000000200000a0        0x4 ./User/main.o
                0x00000000200000a0                mSysTick
 .sbss.NVIC_Priority_Group
                0x00000000200000a4        0x4 ./Peripheral/src/ch32x035_misc.o
                0x00000000200000a4                NVIC_Priority_Group
 .sbss.__malloc_free_list
                0x00000000200000a8        0x4 d:/项目资料/cf-e9s/资料/mounriver_studio/toolchain/risc-v embedded gcc/bin/../lib/gcc/riscv-none-embed/8.2.0/../../../../riscv-none-embed/lib/rv32imacxw/ilp32\libg_nano.a(lib_a-nano-mallocr.o)
                0x00000000200000a8                __malloc_free_list
 .sbss.__malloc_sbrk_start
                0x00000000200000ac        0x4 d:/项目资料/cf-e9s/资料/mounriver_studio/toolchain/risc-v embedded gcc/bin/../lib/gcc/riscv-none-embed/8.2.0/../../../../riscv-none-embed/lib/rv32imacxw/ilp32\libg_nano.a(lib_a-nano-mallocr.o)
                0x00000000200000ac                __malloc_sbrk_start
 *(.gnu.linkonce.sb.*)
 *(.bss*)
 .bss.adc_date  0x00000000200000b0        0xc ./User/main.o
                0x00000000200000b0                adc_date
 .bss.gpad_key  0x00000000200000bc       0x10 ./User/main.o
                0x00000000200000bc                gpad_key
 .bss.key_pack  0x00000000200000cc       0x18 ./User/main.o
                0x00000000200000cc                key_pack
 *(.gnu.linkonce.b.*)
 *(COMMON*)
 COMMON         0x00000000200000e4        0x4 d:/项目资料/cf-e9s/资料/mounriver_studio/toolchain/risc-v embedded gcc/bin/../lib/gcc/riscv-none-embed/8.2.0/../../../../riscv-none-embed/lib/rv32imacxw/ilp32\libg_nano.a(lib_a-reent.o)
                0x00000000200000e4                errno
                0x00000000200000e8                . = ALIGN (0x4)
                0x00000000200000e8                PROVIDE (_ebss = .)
                0x00000000200000e8                PROVIDE (_end = _ebss)
                [!provide]                        PROVIDE (end = .)

.stack          0x0000000020004800      0x800
                0x0000000020004800                PROVIDE (_heap_end = .)
                0x0000000020004800                . = ALIGN (0x4)
                [!provide]                        PROVIDE (_susrstack = .)
                0x0000000020005000                . = (. + __stack_size)
 *fill*         0x0000000020004800      0x800 
                0x0000000020005000                PROVIDE (_eusrstack = .)
OUTPUT(CH32X035G8U6.elf elf32-littleriscv)

.debug_info     0x0000000000000000     0xdf77
 .debug_info    0x0000000000000000      0x962 ./User/ch32x035_it.o
 .debug_info    0x0000000000000962     0x190f ./User/hw_borad.o
 .debug_info    0x0000000000002271      0xf85 ./User/key.o
 .debug_info    0x00000000000031f6     0x106a ./User/main.o
 .debug_info    0x0000000000004260      0xb56 ./User/system_ch32x035.o
 .debug_info    0x0000000000004db6       0x22 ./Startup/startup_ch32x035_5v.o
 .debug_info    0x0000000000004dd8     0x15d6 ./Peripheral/src/ch32x035_adc.o
 .debug_info    0x00000000000063ae     0x11c9 ./Peripheral/src/ch32x035_gpio.o
 .debug_info    0x0000000000007577      0xe46 ./Peripheral/src/ch32x035_misc.o
 .debug_info    0x00000000000083bd      0xd8f ./Peripheral/src/ch32x035_rcc.o
 .debug_info    0x000000000000914c     0x2aca ./Peripheral/src/ch32x035_tim.o
 .debug_info    0x000000000000bc16     0x1333 ./Peripheral/src/ch32x035_usart.o
 .debug_info    0x000000000000cf49     0x102e ./Debug/debug.o

.debug_abbrev   0x0000000000000000     0x237e
 .debug_abbrev  0x0000000000000000      0x1cf ./User/ch32x035_it.o
 .debug_abbrev  0x00000000000001cf      0x2cd ./User/hw_borad.o
 .debug_abbrev  0x000000000000049c      0x2d1 ./User/key.o
 .debug_abbrev  0x000000000000076d      0x2e7 ./User/main.o
 .debug_abbrev  0x0000000000000a54      0x258 ./User/system_ch32x035.o
 .debug_abbrev  0x0000000000000cac       0x12 ./Startup/startup_ch32x035_5v.o
 .debug_abbrev  0x0000000000000cbe      0x323 ./Peripheral/src/ch32x035_adc.o
 .debug_abbrev  0x0000000000000fe1      0x34b ./Peripheral/src/ch32x035_gpio.o
 .debug_abbrev  0x000000000000132c      0x2fb ./Peripheral/src/ch32x035_misc.o
 .debug_abbrev  0x0000000000001627      0x326 ./Peripheral/src/ch32x035_rcc.o
 .debug_abbrev  0x000000000000194d      0x408 ./Peripheral/src/ch32x035_tim.o
 .debug_abbrev  0x0000000000001d55      0x312 ./Peripheral/src/ch32x035_usart.o
 .debug_abbrev  0x0000000000002067      0x317 ./Debug/debug.o

.debug_aranges  0x0000000000000000      0x7d8
 .debug_aranges
                0x0000000000000000       0x28 ./User/ch32x035_it.o
 .debug_aranges
                0x0000000000000028       0x40 ./User/hw_borad.o
 .debug_aranges
                0x0000000000000068       0x40 ./User/key.o
 .debug_aranges
                0x00000000000000a8       0x28 ./User/main.o
 .debug_aranges
                0x00000000000000d0       0x28 ./User/system_ch32x035.o
 .debug_aranges
                0x00000000000000f8       0x30 ./Startup/startup_ch32x035_5v.o
 .debug_aranges
                0x0000000000000128      0x140 ./Peripheral/src/ch32x035_adc.o
 .debug_aranges
                0x0000000000000268       0x98 ./Peripheral/src/ch32x035_gpio.o
 .debug_aranges
                0x0000000000000300       0x28 ./Peripheral/src/ch32x035_misc.o
 .debug_aranges
                0x0000000000000328       0x80 ./Peripheral/src/ch32x035_rcc.o
 .debug_aranges
                0x00000000000003a8      0x2f0 ./Peripheral/src/ch32x035_tim.o
 .debug_aranges
                0x0000000000000698       0xf0 ./Peripheral/src/ch32x035_usart.o
 .debug_aranges
                0x0000000000000788       0x50 ./Debug/debug.o

.debug_ranges   0x0000000000000000      0x770
 .debug_ranges  0x0000000000000000       0x18 ./User/ch32x035_it.o
 .debug_ranges  0x0000000000000018       0x30 ./User/hw_borad.o
 .debug_ranges  0x0000000000000048       0x30 ./User/key.o
 .debug_ranges  0x0000000000000078       0x18 ./User/main.o
 .debug_ranges  0x0000000000000090       0x18 ./User/system_ch32x035.o
 .debug_ranges  0x00000000000000a8       0x28 ./Startup/startup_ch32x035_5v.o
 .debug_ranges  0x00000000000000d0      0x130 ./Peripheral/src/ch32x035_adc.o
 .debug_ranges  0x0000000000000200       0x88 ./Peripheral/src/ch32x035_gpio.o
 .debug_ranges  0x0000000000000288       0x48 ./Peripheral/src/ch32x035_misc.o
 .debug_ranges  0x00000000000002d0       0x70 ./Peripheral/src/ch32x035_rcc.o
 .debug_ranges  0x0000000000000340      0x310 ./Peripheral/src/ch32x035_tim.o
 .debug_ranges  0x0000000000000650       0xe0 ./Peripheral/src/ch32x035_usart.o
 .debug_ranges  0x0000000000000730       0x40 ./Debug/debug.o

.debug_line     0x0000000000000000     0x9945
 .debug_line    0x0000000000000000      0x23b ./User/ch32x035_it.o
 .debug_line    0x000000000000023b      0x82a ./User/hw_borad.o
 .debug_line    0x0000000000000a65      0x7e8 ./User/key.o
 .debug_line    0x000000000000124d      0x54b ./User/main.o
 .debug_line    0x0000000000001798      0x383 ./User/system_ch32x035.o
 .debug_line    0x0000000000001b1b      0x229 ./Startup/startup_ch32x035_5v.o
 .debug_line    0x0000000000001d44     0x14ea ./Peripheral/src/ch32x035_adc.o
 .debug_line    0x000000000000322e     0x1268 ./Peripheral/src/ch32x035_gpio.o
 .debug_line    0x0000000000004496      0x4bd ./Peripheral/src/ch32x035_misc.o
 .debug_line    0x0000000000004953      0x7b2 ./Peripheral/src/ch32x035_rcc.o
 .debug_line    0x0000000000005105     0x31d6 ./Peripheral/src/ch32x035_tim.o
 .debug_line    0x00000000000082db      0xe62 ./Peripheral/src/ch32x035_usart.o
 .debug_line    0x000000000000913d      0x808 ./Debug/debug.o

.debug_str      0x0000000000000000     0x2a63
 .debug_str     0x0000000000000000      0x540 ./User/ch32x035_it.o
                                        0x5a1 (size before relaxing)
 .debug_str     0x0000000000000540      0xa71 ./User/hw_borad.o
                                       0x1019 (size before relaxing)
 .debug_str     0x0000000000000fb1      0x124 ./User/key.o
                                        0x776 (size before relaxing)
 .debug_str     0x00000000000010d5       0x96 ./User/main.o
                                        0x907 (size before relaxing)
 .debug_str     0x000000000000116b       0xca ./User/system_ch32x035.o
                                        0x69f (size before relaxing)
 .debug_str     0x0000000000001235       0x2d ./Startup/startup_ch32x035_5v.o
                                         0x54 (size before relaxing)
 .debug_str     0x0000000000001262      0x475 ./Peripheral/src/ch32x035_adc.o
                                        0xbec (size before relaxing)
 .debug_str     0x00000000000016d7      0x1ea ./Peripheral/src/ch32x035_gpio.o
                                        0x937 (size before relaxing)
 .debug_str     0x00000000000018c1       0xf1 ./Peripheral/src/ch32x035_misc.o
                                        0xa03 (size before relaxing)
 .debug_str     0x00000000000019b2      0x1ae ./Peripheral/src/ch32x035_rcc.o
                                        0x83b (size before relaxing)
 .debug_str     0x0000000000001b60      0xa88 ./Peripheral/src/ch32x035_tim.o
                                       0x133c (size before relaxing)
 .debug_str     0x00000000000025e8      0x3d6 ./Peripheral/src/ch32x035_usart.o
                                        0xac4 (size before relaxing)
 .debug_str     0x00000000000029be       0xa5 ./Debug/debug.o
                                        0x8f0 (size before relaxing)

.comment        0x0000000000000000       0x33
 .comment       0x0000000000000000       0x33 ./User/ch32x035_it.o
                                         0x34 (size before relaxing)
 .comment       0x0000000000000033       0x34 ./User/hw_borad.o
 .comment       0x0000000000000033       0x34 ./User/key.o
 .comment       0x0000000000000033       0x34 ./User/main.o
 .comment       0x0000000000000033       0x34 ./User/system_ch32x035.o
 .comment       0x0000000000000033       0x34 ./Peripheral/src/ch32x035_adc.o
 .comment       0x0000000000000033       0x34 ./Peripheral/src/ch32x035_gpio.o
 .comment       0x0000000000000033       0x34 ./Peripheral/src/ch32x035_misc.o
 .comment       0x0000000000000033       0x34 ./Peripheral/src/ch32x035_rcc.o
 .comment       0x0000000000000033       0x34 ./Peripheral/src/ch32x035_tim.o
 .comment       0x0000000000000033       0x34 ./Peripheral/src/ch32x035_usart.o
 .comment       0x0000000000000033       0x34 ./Debug/debug.o

.debug_frame    0x0000000000000000     0x1964
 .debug_frame   0x0000000000000000       0x30 ./User/ch32x035_it.o
 .debug_frame   0x0000000000000030       0xcc ./User/hw_borad.o
 .debug_frame   0x00000000000000fc       0x90 ./User/key.o
 .debug_frame   0x000000000000018c       0x98 ./User/main.o
 .debug_frame   0x0000000000000224       0x30 ./User/system_ch32x035.o
 .debug_frame   0x0000000000000254      0x27c ./Peripheral/src/ch32x035_adc.o
 .debug_frame   0x00000000000004d0      0x140 ./Peripheral/src/ch32x035_gpio.o
 .debug_frame   0x0000000000000610       0x30 ./Peripheral/src/ch32x035_misc.o
 .debug_frame   0x0000000000000640       0xfc ./Peripheral/src/ch32x035_rcc.o
 .debug_frame   0x000000000000073c      0x654 ./Peripheral/src/ch32x035_tim.o
 .debug_frame   0x0000000000000d90      0x1e4 ./Peripheral/src/ch32x035_usart.o
 .debug_frame   0x0000000000000f74       0xdc ./Debug/debug.o
 .debug_frame   0x0000000000001050       0x54 d:/项目资料/cf-e9s/资料/mounriver_studio/toolchain/risc-v embedded gcc/bin/../lib/gcc/riscv-none-embed/8.2.0/../../../../riscv-none-embed/lib/rv32imacxw/ilp32\libg_nano.a(lib_a-printf.o)
 .debug_frame   0x00000000000010a4       0x54 d:/项目资料/cf-e9s/资料/mounriver_studio/toolchain/risc-v embedded gcc/bin/../lib/gcc/riscv-none-embed/8.2.0/../../../../riscv-none-embed/lib/rv32imacxw/ilp32\libg_nano.a(lib_a-puts.o)
 .debug_frame   0x00000000000010f8       0x50 d:/项目资料/cf-e9s/资料/mounriver_studio/toolchain/risc-v embedded gcc/bin/../lib/gcc/riscv-none-embed/8.2.0/../../../../riscv-none-embed/lib/rv32imacxw/ilp32\libg_nano.a(lib_a-wbuf.o)
 .debug_frame   0x0000000000001148       0x3c d:/项目资料/cf-e9s/资料/mounriver_studio/toolchain/risc-v embedded gcc/bin/../lib/gcc/riscv-none-embed/8.2.0/../../../../riscv-none-embed/lib/rv32imacxw/ilp32\libg_nano.a(lib_a-wsetup.o)
 .debug_frame   0x0000000000001184       0x7c d:/项目资料/cf-e9s/资料/mounriver_studio/toolchain/risc-v embedded gcc/bin/../lib/gcc/riscv-none-embed/8.2.0/../../../../riscv-none-embed/lib/rv32imacxw/ilp32\libg_nano.a(lib_a-fflush.o)
 .debug_frame   0x0000000000001200      0x148 d:/项目资料/cf-e9s/资料/mounriver_studio/toolchain/risc-v embedded gcc/bin/../lib/gcc/riscv-none-embed/8.2.0/../../../../riscv-none-embed/lib/rv32imacxw/ilp32\libg_nano.a(lib_a-findfp.o)
 .debug_frame   0x0000000000001348       0x88 d:/项目资料/cf-e9s/资料/mounriver_studio/toolchain/risc-v embedded gcc/bin/../lib/gcc/riscv-none-embed/8.2.0/../../../../riscv-none-embed/lib/rv32imacxw/ilp32\libg_nano.a(lib_a-fwalk.o)
 .debug_frame   0x00000000000013d0       0x64 d:/项目资料/cf-e9s/资料/mounriver_studio/toolchain/risc-v embedded gcc/bin/../lib/gcc/riscv-none-embed/8.2.0/../../../../riscv-none-embed/lib/rv32imacxw/ilp32\libg_nano.a(lib_a-makebuf.o)
 .debug_frame   0x0000000000001434       0x40 d:/项目资料/cf-e9s/资料/mounriver_studio/toolchain/risc-v embedded gcc/bin/../lib/gcc/riscv-none-embed/8.2.0/../../../../riscv-none-embed/lib/rv32imacxw/ilp32\libg_nano.a(lib_a-nano-freer.o)
 .debug_frame   0x0000000000001474       0x40 d:/项目资料/cf-e9s/资料/mounriver_studio/toolchain/risc-v embedded gcc/bin/../lib/gcc/riscv-none-embed/8.2.0/../../../../riscv-none-embed/lib/rv32imacxw/ilp32\libg_nano.a(lib_a-nano-mallocr.o)
 .debug_frame   0x00000000000014b4       0xd0 d:/项目资料/cf-e9s/资料/mounriver_studio/toolchain/risc-v embedded gcc/bin/../lib/gcc/riscv-none-embed/8.2.0/../../../../riscv-none-embed/lib/rv32imacxw/ilp32\libg_nano.a(lib_a-nano-vfprintf.o)
 .debug_frame   0x0000000000001584       0x8c d:/项目资料/cf-e9s/资料/mounriver_studio/toolchain/risc-v embedded gcc/bin/../lib/gcc/riscv-none-embed/8.2.0/../../../../riscv-none-embed/lib/rv32imacxw/ilp32\libg_nano.a(lib_a-nano-vfprintf_i.o)
 .debug_frame   0x0000000000001610       0x30 d:/项目资料/cf-e9s/资料/mounriver_studio/toolchain/risc-v embedded gcc/bin/../lib/gcc/riscv-none-embed/8.2.0/../../../../riscv-none-embed/lib/rv32imacxw/ilp32\libg_nano.a(lib_a-sbrkr.o)
 .debug_frame   0x0000000000001640       0xa4 d:/项目资料/cf-e9s/资料/mounriver_studio/toolchain/risc-v embedded gcc/bin/../lib/gcc/riscv-none-embed/8.2.0/../../../../riscv-none-embed/lib/rv32imacxw/ilp32\libg_nano.a(lib_a-stdio.o)
 .debug_frame   0x00000000000016e4       0x30 d:/项目资料/cf-e9s/资料/mounriver_studio/toolchain/risc-v embedded gcc/bin/../lib/gcc/riscv-none-embed/8.2.0/../../../../riscv-none-embed/lib/rv32imacxw/ilp32\libg_nano.a(lib_a-writer.o)
 .debug_frame   0x0000000000001714       0x30 d:/项目资料/cf-e9s/资料/mounriver_studio/toolchain/risc-v embedded gcc/bin/../lib/gcc/riscv-none-embed/8.2.0/../../../../riscv-none-embed/lib/rv32imacxw/ilp32\libg_nano.a(lib_a-closer.o)
 .debug_frame   0x0000000000001744       0x30 d:/项目资料/cf-e9s/资料/mounriver_studio/toolchain/risc-v embedded gcc/bin/../lib/gcc/riscv-none-embed/8.2.0/../../../../riscv-none-embed/lib/rv32imacxw/ilp32\libg_nano.a(lib_a-fstatr.o)
 .debug_frame   0x0000000000001774       0x30 d:/项目资料/cf-e9s/资料/mounriver_studio/toolchain/risc-v embedded gcc/bin/../lib/gcc/riscv-none-embed/8.2.0/../../../../riscv-none-embed/lib/rv32imacxw/ilp32\libg_nano.a(lib_a-isattyr.o)
 .debug_frame   0x00000000000017a4       0x30 d:/项目资料/cf-e9s/资料/mounriver_studio/toolchain/risc-v embedded gcc/bin/../lib/gcc/riscv-none-embed/8.2.0/../../../../riscv-none-embed/lib/rv32imacxw/ilp32\libg_nano.a(lib_a-lseekr.o)
 .debug_frame   0x00000000000017d4       0x20 d:/项目资料/cf-e9s/资料/mounriver_studio/toolchain/risc-v embedded gcc/bin/../lib/gcc/riscv-none-embed/8.2.0/../../../../riscv-none-embed/lib/rv32imacxw/ilp32\libg_nano.a(lib_a-memchr.o)
 .debug_frame   0x00000000000017f4       0x30 d:/项目资料/cf-e9s/资料/mounriver_studio/toolchain/risc-v embedded gcc/bin/../lib/gcc/riscv-none-embed/8.2.0/../../../../riscv-none-embed/lib/rv32imacxw/ilp32\libg_nano.a(lib_a-mlock.o)
 .debug_frame   0x0000000000001824       0x30 d:/项目资料/cf-e9s/资料/mounriver_studio/toolchain/risc-v embedded gcc/bin/../lib/gcc/riscv-none-embed/8.2.0/../../../../riscv-none-embed/lib/rv32imacxw/ilp32\libg_nano.a(lib_a-readr.o)
 .debug_frame   0x0000000000001854       0x70 d:/项目资料/cf-e9s/资料/mounriver_studio/toolchain/risc-v embedded gcc/bin/../lib/gcc/riscv-none-embed/8.2.0/../../../../riscv-none-embed/lib/rv32imacxw/ilp32\libg_nano.a(lib_a-reent.o)
 .debug_frame   0x00000000000018c4       0x20 d:/项目资料/cf-e9s/资料/mounriver_studio/toolchain/risc-v embedded gcc/bin/../lib/gcc/riscv-none-embed/8.2.0/../../../../riscv-none-embed/lib/rv32imacxw/ilp32\libnosys.a(close.o)
 .debug_frame   0x00000000000018e4       0x20 d:/项目资料/cf-e9s/资料/mounriver_studio/toolchain/risc-v embedded gcc/bin/../lib/gcc/riscv-none-embed/8.2.0/../../../../riscv-none-embed/lib/rv32imacxw/ilp32\libnosys.a(fstat.o)
 .debug_frame   0x0000000000001904       0x20 d:/项目资料/cf-e9s/资料/mounriver_studio/toolchain/risc-v embedded gcc/bin/../lib/gcc/riscv-none-embed/8.2.0/../../../../riscv-none-embed/lib/rv32imacxw/ilp32\libnosys.a(isatty.o)
 .debug_frame   0x0000000000001924       0x20 d:/项目资料/cf-e9s/资料/mounriver_studio/toolchain/risc-v embedded gcc/bin/../lib/gcc/riscv-none-embed/8.2.0/../../../../riscv-none-embed/lib/rv32imacxw/ilp32\libnosys.a(lseek.o)
 .debug_frame   0x0000000000001944       0x20 d:/项目资料/cf-e9s/资料/mounriver_studio/toolchain/risc-v embedded gcc/bin/../lib/gcc/riscv-none-embed/8.2.0/../../../../riscv-none-embed/lib/rv32imacxw/ilp32\libnosys.a(read.o)

.debug_loc      0x0000000000000000     0x3bd9
 .debug_loc     0x0000000000000000       0x7b ./User/hw_borad.o
 .debug_loc     0x000000000000007b      0x185 ./User/key.o
 .debug_loc     0x0000000000000200       0x3e ./User/main.o
 .debug_loc     0x000000000000023e       0x1f ./User/system_ch32x035.o
 .debug_loc     0x000000000000025d      0xa41 ./Peripheral/src/ch32x035_adc.o
 .debug_loc     0x0000000000000c9e      0x863 ./Peripheral/src/ch32x035_gpio.o
 .debug_loc     0x0000000000001501       0xce ./Peripheral/src/ch32x035_misc.o
 .debug_loc     0x00000000000015cf      0x34e ./Peripheral/src/ch32x035_rcc.o
 .debug_loc     0x000000000000191d     0x19ec ./Peripheral/src/ch32x035_tim.o
 .debug_loc     0x0000000000003309      0x715 ./Peripheral/src/ch32x035_usart.o
 .debug_loc     0x0000000000003a1e      0x1bb ./Debug/debug.o

.stab           0x0000000000000000       0x84
 .stab          0x0000000000000000       0x24 d:/项目资料/cf-e9s/资料/mounriver_studio/toolchain/risc-v embedded gcc/bin/../lib/gcc/riscv-none-embed/8.2.0/../../../../riscv-none-embed/lib/rv32imacxw/ilp32\libnosys.a(close.o)
 .stab          0x0000000000000024       0x18 d:/项目资料/cf-e9s/资料/mounriver_studio/toolchain/risc-v embedded gcc/bin/../lib/gcc/riscv-none-embed/8.2.0/../../../../riscv-none-embed/lib/rv32imacxw/ilp32\libnosys.a(fstat.o)
                                         0x24 (size before relaxing)
 .stab          0x000000000000003c       0x18 d:/项目资料/cf-e9s/资料/mounriver_studio/toolchain/risc-v embedded gcc/bin/../lib/gcc/riscv-none-embed/8.2.0/../../../../riscv-none-embed/lib/rv32imacxw/ilp32\libnosys.a(isatty.o)
                                         0x24 (size before relaxing)
 .stab          0x0000000000000054       0x18 d:/项目资料/cf-e9s/资料/mounriver_studio/toolchain/risc-v embedded gcc/bin/../lib/gcc/riscv-none-embed/8.2.0/../../../../riscv-none-embed/lib/rv32imacxw/ilp32\libnosys.a(lseek.o)
                                         0x24 (size before relaxing)
 .stab          0x000000000000006c       0x18 d:/项目资料/cf-e9s/资料/mounriver_studio/toolchain/risc-v embedded gcc/bin/../lib/gcc/riscv-none-embed/8.2.0/../../../../riscv-none-embed/lib/rv32imacxw/ilp32\libnosys.a(read.o)
                                         0x24 (size before relaxing)

.stabstr        0x0000000000000000      0x117
 .stabstr       0x0000000000000000      0x117 d:/项目资料/cf-e9s/资料/mounriver_studio/toolchain/risc-v embedded gcc/bin/../lib/gcc/riscv-none-embed/8.2.0/../../../../riscv-none-embed/lib/rv32imacxw/ilp32\libnosys.a(close.o)
